[    0.000000] Initializing cgroup subsys cpuset
[    0.000000] Initializing cgroup subsys cpu
[    0.000000] Initializing cgroup subsys cpuacct
[    0.000000] Linux version 4.4.0-210-generic (buildd@lgw01-amd64-009) (gcc version 5.4.0 20160609 (Ubuntu 5.4.0-6ubuntu1~16.04.12) ) #242-Ubuntu SMP Fri Apr 16 09:57:56 UTC 2021 (Ubuntu 4.4.0-210.242-generic 4.4.262)
[    0.000000] Command line: BOOT_IMAGE=/boot/vmlinuz-4.4.0-210-generic root=LABEL=cloudimg-rootfs ro console=tty1 console=ttyS0
[    0.000000] KERNEL supported cpus:
[    0.000000]   Intel GenuineIntel
[    0.000000]   AMD AuthenticAMD
[    0.000000]   Centaur CentaurHauls
[    0.000000] x86/fpu: Legacy x87 FPU detected.
[    0.000000] e820: BIOS-provided physical RAM map:
[    0.000000] BIOS-e820: [mem 0x0000000000000000-0x000000000009fbff] usable
[    0.000000] BIOS-e820: [mem 0x000000000009fc00-0x000000000009ffff] reserved
[    0.000000] BIOS-e820: [mem 0x00000000000f0000-0x00000000000fffff] reserved
[    0.000000] BIOS-e820: [mem 0x0000000000100000-0x000000007ffeffff] usable
[    0.000000] BIOS-e820: [mem 0x000000007fff0000-0x000000007fffffff] ACPI data
[    0.000000] BIOS-e820: [mem 0x00000000fec00000-0x00000000fec00fff] reserved
[    0.000000] BIOS-e820: [mem 0x00000000fee00000-0x00000000fee00fff] reserved
[    0.000000] BIOS-e820: [mem 0x00000000fffc0000-0x00000000ffffffff] reserved
[    0.000000] NX (Execute Disable) protection: active
[    0.000000] SMBIOS 2.5 present.
[    0.000000] Hypervisor detected: KVM
[    0.000000] Kernel/User page tables isolation: disabled
[    0.000000] e820: last_pfn = 0x7fff0 max_arch_pfn = 0x400000000
[    0.000000] MTRR: Disabled
[    0.000000] x86/PAT: MTRRs disabled, skipping PAT initialization too.
[    0.000000] CPU MTRRs all blank - virtualized system.
[    0.000000] x86/PAT: Configuration [0-7]: WB  WT  UC- UC  WB  WT  UC- UC  
[    0.000000] found SMP MP-table at [mem 0x0009fff0-0x0009ffff] mapped at [ffff88000009fff0]
[    0.000000] Scanning 1 areas for low memory corruption
[    0.000000] RAMDISK: [mem 0x362dc000-0x37165fff]
[    0.000000] ACPI: Early table checksum verification disabled
[    0.000000] ACPI: RSDP 0x00000000000E0000 000024 (v02 VBOX  )
[    0.000000] ACPI: XSDT 0x000000007FFF0030 00003C (v01 VBOX   VBOXXSDT 00000001 ASL  00000061)
[    0.000000] ACPI: FACP 0x000000007FFF00F0 0000F4 (v04 VBOX   VBOXFACP 00000001 ASL  00000061)
[    0.000000] ACPI: DSDT 0x000000007FFF0610 002353 (v02 VBOX   VBOXBIOS 00000002 INTL 20100528)
[    0.000000] ACPI: FACS 0x000000007FFF0200 000040
[    0.000000] ACPI: FACS 0x000000007FFF0200 000040
[    0.000000] ACPI: APIC 0x000000007FFF0240 00005C (v02 VBOX   VBOXAPIC 00000001 ASL  00000061)
[    0.000000] ACPI: SSDT 0x000000007FFF02A0 00036C (v01 VBOX   VBOXCPUT 00000002 INTL 20100528)
[    0.000000] No NUMA configuration found
[    0.000000] Faking a node at [mem 0x0000000000000000-0x000000007ffeffff]
[    0.000000] NODE_DATA(0) allocated [mem 0x7ffeb000-0x7ffeffff]
[    0.000000] kvm-clock: Using msrs 4b564d01 and 4b564d00
[    0.000000] kvm-clock: cpu 0, msr 0:7ffe3001, primary cpu clock
[    0.000000] kvm-clock: using sched offset of 4818795379 cycles
[    0.000000] clocksource: kvm-clock: mask: 0xffffffffffffffff max_cycles: 0x1cd42e4dffb, max_idle_ns: 881590591483 ns
[    0.000000] Zone ranges:
[    0.000000]   DMA      [mem 0x0000000000001000-0x0000000000ffffff]
[    0.000000]   DMA32    [mem 0x0000000001000000-0x000000007ffeffff]
[    0.000000]   Normal   empty
[    0.000000]   Device   empty
[    0.000000] Movable zone start for each node
[    0.000000] Early memory node ranges
[    0.000000]   node   0: [mem 0x0000000000001000-0x000000000009efff]
[    0.000000]   node   0: [mem 0x0000000000100000-0x000000007ffeffff]
[    0.000000] Initmem setup node 0 [mem 0x0000000000001000-0x000000007ffeffff]
[    0.000000] ACPI: PM-Timer IO Port: 0x4008
[    0.000000] IOAPIC[0]: apic_id 2, version 32, address 0xfec00000, GSI 0-23
[    0.000000] ACPI: INT_SRC_OVR (bus 0 bus_irq 0 global_irq 2 dfl dfl)
[    0.000000] ACPI: INT_SRC_OVR (bus 0 bus_irq 9 global_irq 9 low level)
[    0.000000] Using ACPI (MADT) for SMP configuration information
[    0.000000] smpboot: Allowing 2 CPUs, 0 hotplug CPUs
[    0.000000] PM: Registered nosave memory: [mem 0x00000000-0x00000fff]
[    0.000000] PM: Registered nosave memory: [mem 0x0009f000-0x0009ffff]
[    0.000000] PM: Registered nosave memory: [mem 0x000a0000-0x000effff]
[    0.000000] PM: Registered nosave memory: [mem 0x000f0000-0x000fffff]
[    0.000000] e820: [mem 0x80000000-0xfebfffff] available for PCI devices
[    0.000000] Booting paravirtualized kernel on KVM
[    0.000000] clocksource: refined-jiffies: mask: 0xffffffff max_cycles: 0xffffffff, max_idle_ns: 7645519600211568 ns
[    0.000000] setup_percpu: NR_CPUS:512 nr_cpumask_bits:512 nr_cpu_ids:2 nr_node_ids:1
[    0.000000] PERCPU: Embedded 33 pages/cpu @ffff88007fc00000 s95192 r8192 d31784 u1048576
[    0.000000] Built 1 zonelists in Node order, mobility grouping on.  Total pages: 515960
[    0.000000] Policy zone: DMA32
[    0.000000] Kernel command line: BOOT_IMAGE=/boot/vmlinuz-4.4.0-210-generic root=LABEL=cloudimg-rootfs ro console=tty1 console=ttyS0
[    0.000000] PID hash table entries: 4096 (order: 3, 32768 bytes)
[    0.000000] Memory: 2029984K/2096696K available (8644K kernel code, 1332K rwdata, 4044K rodata, 1492K init, 1164K bss, 66712K reserved, 0K cma-reserved)
[    0.000000] SLUB: HWalign=64, Order=0-3, MinObjects=0, CPUs=2, Nodes=1
[    0.000000] Hierarchical RCU implementation.
[    0.000000] 	Build-time adjustment of leaf fanout to 64.
[    0.000000] 	RCU restricting CPUs from NR_CPUS=512 to nr_cpu_ids=2.
[    0.000000] RCU: Adjusting geometry for rcu_fanout_leaf=64, nr_cpu_ids=2
[    0.000000] NR_IRQS:33024 nr_irqs:440 16
[    0.000000] Console: colour VGA+ 80x25
[    0.000000] console [tty1] enabled
[    0.000000] console [ttyS0] enabled
[    0.000000] tsc: Detected 2611.210 MHz processor
[    1.855331] Calibrating delay loop (skipped) preset value.. 5222.42 BogoMIPS (lpj=10444840)
[    1.889052] pid_max: default: 32768 minimum: 301
[    1.905604] ACPI: Core revision 20150930
[    1.924855] ACPI: 2 ACPI AML tables successfully acquired and loaded
[    1.953320] Security Framework initialized
[    1.966358] Yama: becoming mindful.
[    1.975931] AppArmor: AppArmor initialized
[    1.989512] Dentry cache hash table entries: 262144 (order: 9, 2097152 bytes)
[    2.039651] Inode-cache hash table entries: 131072 (order: 8, 1048576 bytes)
[    2.081741] Mount-cache hash table entries: 4096 (order: 3, 32768 bytes)
[    2.103238] Mountpoint-cache hash table entries: 4096 (order: 3, 32768 bytes)
[    2.127401] Initializing cgroup subsys io
[    2.139130] Initializing cgroup subsys memory
[    2.155123] Initializing cgroup subsys devices
[    2.169554] Initializing cgroup subsys freezer
[    2.183665] Initializing cgroup subsys net_cls
[    2.200144] Initializing cgroup subsys perf_event
[    2.217445] Initializing cgroup subsys net_prio
[    2.235551] Initializing cgroup subsys hugetlb
[    2.253187] Initializing cgroup subsys pids
[    2.278015] mce: CPU supports 0 MCE banks
[    2.293140] Last level iTLB entries: 4KB 0, 2MB 0, 4MB 0
[    2.311473] Last level dTLB entries: 4KB 0, 2MB 0, 4MB 0, 1GB 0
[    2.334571] Spectre V1 : Mitigation: usercopy/swapgs barriers and __user pointer sanitization
[    2.366049] Spectre V2 : Mitigation: Enhanced IBRS
[    2.385601] Spectre V2 : Spectre v2 / SpectreRSB mitigation: Filling RSB on context switch
[    2.420076] Speculative Store Bypass: Vulnerable
[    2.639232] Freeing SMP alternatives memory: 36K
[    3.053612] ftrace: allocating 32380 entries in 127 pages
[    5.694213] smpboot: APIC(0) Converting physical 0 to logical package 0
[    5.717852] smpboot: Max logical packages: 1
[    5.781873] ..TIMER: vector=0x30 apic1=0 pin1=2 apic2=-1 pin2=-1
[    5.910759] APIC calibration not consistent with PM-Timer: 103ms instead of 100ms
[    5.932656] APIC delta adjusted to PM-Timer: 6293808 (6487271)
[    5.951108] smpboot: CPU0: 12th Gen Intel(R) Core(TM) i7-1255U (family: 0x6, model: 0x9a, stepping: 0x4)
[    5.982665] Performance Events: unsupported p6 CPU model 154 no PMU driver, software events only.
[    6.395294] KVM setup paravirtual spinlock
[    6.415877] x86: Booting SMP configuration:
[    6.429269] .... node  #0, CPUs:      #1
[    6.446203] kvm-clock: cpu 1, msr 0:7ffe3041, secondary cpu clock
[    6.464475] mce: CPU supports 0 MCE banks
[    6.473452] TSC synchronization [CPU#0 -> CPU#1]:
[    6.487450] Measured 43496 cycles TSC warp between CPUs, turning off TSC clock.
[    6.508933] tsc: Marking TSC unstable due to check_tsc_sync_source failed
[    6.538280] x86: Booted up 1 node, 2 CPUs
[    6.550761] smpboot: Total of 2 processors activated (10444.84 BogoMIPS)
[    1.468375] devtmpfs: initialized
[    1.478493] evm: security.selinux
[    1.480008] evm: security.SMACK64
[    1.484006] evm: security.SMACK64EXEC
[    1.488008] evm: security.SMACK64TRANSMUTE
[    1.492009] evm: security.SMACK64MMAP
[    1.496010] evm: security.ima
[    1.500009] evm: security.capability
[    1.508900] clocksource: jiffies: mask: 0xffffffff max_cycles: 0xffffffff, max_idle_ns: 7645041785100000 ns
[    1.512044] futex hash table entries: 512 (order: 3, 32768 bytes)
[    1.520865] pinctrl core: initialized pinctrl subsystem
[    1.528752] RTC time: 17:33:00, date: 09/16/23
[    1.534845] NET: Registered protocol family 16
[    1.548060] cpuidle: using governor ladder
[    1.564048] cpuidle: using governor menu
[    1.568022] PCCT header not found.
[    1.572133] ACPI: bus type PCI registered
[    1.576007] acpiphp: ACPI Hot Plug PCI Controller Driver version: 0.5
[    1.585310] PCI: Using configuration type 1 for base access
[    1.629062] ACPI: Added _OSI(Module Device)
[    1.632013] ACPI: Added _OSI(Processor Device)
[    1.636011] ACPI: Added _OSI(3.0 _SCP Extensions)
[    1.640009] ACPI: Added _OSI(Processor Aggregator Device)
[    1.650978] ACPI: Executed 1 blocks of module-level executable AML code
[    1.669878] ACPI: Interpreter enabled
[    1.672030] ACPI: (supports S0 S5)
[    1.676008] ACPI: Using IOAPIC for interrupt routing
[    1.681024] PCI: Using host bridge windows from ACPI; if necessary, use "pci=nocrs" and report a bug
[    1.703776] ACPI: PCI Root Bridge [PCI0] (domain 0000 [bus 00-ff])
[    1.704022] acpi PNP0A03:00: _OSC: OS supports [ASPM ClockPM Segments MSI]
[    1.713332] acpi PNP0A03:00: _OSC: not requesting OS control; OS requires [ExtendedConfig ASPM ClockPM MSI]
[    1.716027] acpi PNP0A03:00: fail to add MMCONFIG information, can't access extended PCI configuration space under this bridge.
[    1.724014] PCI host bridge to bus 0000:00
[    1.728016] pci_bus 0000:00: root bus resource [io  0x0000-0x0cf7 window]
[    1.732009] pci_bus 0000:00: root bus resource [io  0x0d00-0xffff window]
[    1.736014] pci_bus 0000:00: root bus resource [mem 0x000a0000-0x000bffff window]
[    1.740014] pci_bus 0000:00: root bus resource [mem 0x80000000-0xfdffffff window]
[    1.744016] pci_bus 0000:00: root bus resource [bus 00-ff]
[    1.769301] pci 0000:00:01.1: legacy IDE quirk: reg 0x10: [io  0x01f0-0x01f7]
[    1.772010] pci 0000:00:01.1: legacy IDE quirk: reg 0x14: [io  0x03f6]
[    1.776015] pci 0000:00:01.1: legacy IDE quirk: reg 0x18: [io  0x0170-0x0177]
[    1.780013] pci 0000:00:01.1: legacy IDE quirk: reg 0x1c: [io  0x0376]
[    1.851078] pci 0000:00:07.0: quirk: [io  0x4000-0x403f] claimed by PIIX4 ACPI
[    1.852139] pci 0000:00:07.0: quirk: [io  0x4100-0x410f] claimed by PIIX4 SMB
[    1.887340] ACPI: PCI Interrupt Link [LNKA] (IRQs 5 9 10 *11)
[    1.905492] ACPI: PCI Interrupt Link [LNKB] (IRQs 5 9 *10 11)
[    1.922321] ACPI: PCI Interrupt Link [LNKC] (IRQs 5 *9 10 11)
[    1.936622] ACPI: PCI Interrupt Link [LNKD] (IRQs 5 9 10 *11)
[    1.952791] ACPI: Enabled 2 GPEs in block 00 to 07
[    1.956656] vgaarb: setting as boot device: PCI:0000:00:02.0
[    1.960000] vgaarb: device added: PCI:0000:00:02.0,decodes=io+mem,owns=io+mem,locks=none
[    1.960013] vgaarb: loaded
[    1.964010] vgaarb: bridge control possible 0000:00:02.0
[    1.972235] SCSI subsystem initialized
[    1.980447] ACPI: bus type USB registered
[    1.984124] usbcore: registered new interface driver usbfs
[    1.988118] usbcore: registered new interface driver hub
[    1.992133] usbcore: registered new device driver usb
[    2.000864] PCI: Using ACPI for IRQ routing
[    2.006103] NetLabel: Initializing
[    2.008008] NetLabel:  domain hash size = 128
[    2.012012] NetLabel:  protocols = UNLABELED CIPSOv4
[    2.016045] NetLabel:  unlabeled traffic allowed by default
[    2.020325] amd_nb: Cannot enumerate AMD northbridges
[    2.024758] clocksource: Switched to clocksource kvm-clock
[    2.057923] AppArmor: AppArmor Filesystem Enabled
[    2.057923] pnp: PnP ACPI init
[    2.057923] pnp: PnP ACPI: found 3 devices
[    2.286795] clocksource: acpi_pm: mask: 0xffffff max_cycles: 0xffffff, max_idle_ns: 2085701024 ns
[    2.288420] NET: Registered protocol family 2
[    2.330551] TCP established hash table entries: 16384 (order: 5, 131072 bytes)
[    2.352422] TCP bind hash table entries: 16384 (order: 6, 262144 bytes)
[    2.370827] TCP: Hash tables configured (established 16384 bind 16384)
[    2.372593] UDP hash table entries: 1024 (order: 3, 32768 bytes)
[    2.372593] UDP-Lite hash table entries: 1024 (order: 3, 32768 bytes)
[    2.372593] NET: Registered protocol family 1
[    2.372593] pci 0000:00:00.0: Limiting direct PCI/PCI transfers
[    2.372593] pci 0000:00:01.0: Activating ISA DMA hang workarounds
[    2.372593] Unpacking initramfs...
[    3.332001] Freeing initrd memory: 14888K
[    3.332001] clocksource: tsc: mask: 0xffffffffffffffff max_cycles: 0x25a399d04c4, max_idle_ns: 440795206293 ns
[    3.332001] platform rtc_cmos: registered platform RTC device (no PNP device found)
[    3.332001] Scanning for low memory corruption every 60 seconds
[    3.491130] audit: initializing netlink subsys (disabled)
[    3.508112] audit: type=2000 audit(1694885584.674:1): initialized
[    3.527115] Initialise system trusted keyring
[    3.545681] HugeTLB registered 2 MB page size, pre-allocated 0 pages
[    3.571104] zbud: loaded
[    3.583688] VFS: Disk quotas dquot_6.6.0
[    3.595968] VFS: Dquot-cache hash table entries: 512 (order 0, 4096 bytes)
[    3.599655] squashfs: version 4.0 (2009/01/31) Phillip Lougher
[    3.636834] fuse init (API version 7.23)
[    3.650509] Key type big_key registered
[    3.654011] Allocating IMA MOK and blacklist keyrings.
[    3.715344] Key type asymmetric registered
[    3.727773] Asymmetric key parser 'x509' registered
[    3.743805] Block layer SCSI generic (bsg) driver version 0.4 loaded (major 249)
[    3.768776] io scheduler noop registered
[    3.780200] io scheduler deadline registered (default)
[    3.784052] io scheduler cfq registered
[    3.784052] pci_hotplug: PCI Hot Plug PCI Core version: 0.5
[    3.784052] pciehp: PCI Express Hot Plug Controller Driver version: 0.4
[    3.784052] ACPI: AC Adapter [AC] (on-line)
[    3.784052] input: Power Button as /devices/LNXSYSTM:00/LNXPWRBN:00/input/input0
[    3.784052] ACPI: Power Button [PWRF]
[    3.784052] input: Sleep Button as /devices/LNXSYSTM:00/LNXSLPBN:00/input/input1
[    3.784052] ACPI: Sleep Button [SLPF]
[    3.922306] GHES: HEST is not enabled!
[    3.927380] ACPI: Battery Slot [BAT0] (battery present)
[    3.951183] Serial: 8250/16550 driver, 32 ports, IRQ sharing enabled
[    4.009980] 00:02: ttyS0 at I/O 0x3f8 (irq = 4, base_baud = 115200) is a 16550A
[    4.076353] Linux agpgart interface v0.103
[    4.115909] loop: module loaded
[    4.133771] scsi host0: ata_piix
[    4.147223] scsi host1: ata_piix
[    4.156805] ata1: PATA max UDMA/33 cmd 0x1f0 ctl 0x3f6 bmdma 0xd000 irq 14
[    4.160624] ata2: PATA max UDMA/33 cmd 0x170 ctl 0x376 bmdma 0xd008 irq 15
[    4.196204] libphy: Fixed MDIO Bus: probed
[    4.205942] tun: Universal TUN/TAP device driver, 1.6
[    4.220458] tun: (C) 1999-2004 Max Krasnyansky <maxk@qualcomm.com>
[    4.240711] PPP generic driver version 2.4.2
[    4.257353] ehci_hcd: USB 2.0 'Enhanced' Host Controller (EHCI) Driver
[    4.277255] ehci-pci: EHCI PCI platform driver
[    4.290697] ehci-platform: EHCI generic platform driver
[    4.307024] ohci_hcd: USB 1.1 'Open' Host Controller (OHCI) Driver
[    4.324387] ohci-pci: OHCI PCI platform driver
[    4.337702] ohci-platform: OHCI generic platform driver
[    4.355220] uhci_hcd: USB Universal Host Controller Interface driver
[    4.374356] i8042: PNP: PS/2 Controller [PNP0303:PS2K,PNP0f03:PS2M] at 0x60,0x64 irq 1,12
[    4.432792] serio: i8042 KBD port at 0x60,0x64 irq 1
[    4.448303] serio: i8042 AUX port at 0x60,0x64 irq 12
[    4.496420] mousedev: PS/2 mouse device common for all mice
[    4.521029] rtc_cmos rtc_cmos: rtc core: registered rtc_cmos as rtc0
[    4.536582] rtc_cmos rtc_cmos: alarms up to one day, 114 bytes nvram
[    4.565453] i2c /dev entries driver
[    4.587284] device-mapper: uevent: version 1.0.3
[    4.613094] device-mapper: ioctl: 4.34.0-ioctl (2015-10-28) initialised: dm-devel@redhat.com
[    4.613379] input: AT Translated Set 2 keyboard as /devices/platform/i8042/serio0/input/input2
[    4.664770] ledtrig-cpu: registered to indicate activity on CPUs
[    4.685420] NET: Registered protocol family 10
[    4.700951] NET: Registered protocol family 17
[    4.715203] Key type dns_resolver registered
[    4.734338] registered taskstats version 1
[    4.747594] Loading compiled-in X.509 certificates
[    4.760165] Loaded X.509 cert 'Build time autogenerated kernel key: cf00e047681d67edb2720680708b7d9498083038'
[    4.786968] zswap: loaded using pool lzo/zbud
[    4.815183] Key type trusted registered
[    4.858378] Key type encrypted registered
[    4.872626] AppArmor: AppArmor sha1 policy hashing enabled
[    4.891353] ima: No TPM chip found, activating TPM-bypass!
[    4.910261] ima: Allocated hash algorithm: sha1
[    4.926308] evm: HMAC attrs: 0x1
[    4.943542]   Magic number: 7:55:593
[    4.958034] rtc_cmos rtc_cmos: setting system clock to 2023-09-16 17:33:04 UTC (1694885584)
[    4.986960] BIOS EDD facility v0.16 2004-Jun-25, 0 devices found
[    5.008543] EDD information not available.
[    5.028831] Freeing unused kernel memory: 1492K
[    5.069740] Write protecting the kernel read-only data: 14336k
[    5.093551] Freeing unused kernel memory: 1584K
[    5.109076] Freeing unused kernel memory: 52K
Loading, please wait...
starting version 229
[    5.201378] random: udevadm: uninitialized urandom read (16 bytes read, 11 bits of entropy available)
[    5.201877] random: systemd-udevd: uninitialized urandom read (16 bytes read, 11 bits of entropy available)
[    5.202012] random: systemd-udevd: uninitialized urandom read (16 bytes read, 11 bits of entropy available)
[    5.202033] random: systemd-udevd: uninitialized urandom read (16 bytes read, 11 bits of entropy available)
[    5.202055] random: systemd-udevd: uninitialized urandom read (16 bytes read, 11 bits of entropy available)
[    5.345774] random: udevadm: uninitialized urandom read (16 bytes read, 11 bits of entropy available)
[    5.394660] random: systemd-udevd: uninitialized urandom read (16 bytes read, 11 bits of entropy available)
[    5.399418] random: udevadm: uninitialized urandom read (16 bytes read, 11 bits of entropy available)
[    5.399463] random: udevadm: uninitialized urandom read (16 bytes read, 11 bits of entropy available)
[    5.399673] random: udevadm: uninitialized urandom read (16 bytes read, 11 bits of entropy available)
[    5.635238] e1000: Intel(R) PRO/1000 Network Driver - version 7.3.21-k8-NAPI
[    5.651136] e1000: Copyright (c) 1999-2006 Intel Corporation.
[    5.677648] Fusion MPT base driver 3.04.20
[    5.691166] Copyright (c) 1999-2008 LSI Corporation
[    5.735891] Fusion MPT SPI Host driver 3.04.20
[    7.111814] e1000 0000:00:03.0 eth0: (PCI:33MHz:32-bit) 02:be:82:6b:cc:1d
[    7.113086] SSE version of gcm_enc/dec engaged.
[    7.148832] e1000 0000:00:03.0 eth0: Intel(R) PRO/1000 Network Connection
[    7.174612] mptbase: ioc0: Initiating bringup
[    7.279741] ioc0: LSI53C1030 A0: Capabilities={Initiator}
[    7.532149] input: ImExPS/2 Generic Explorer Mouse as /devices/platform/i8042/serio1/input/input4
[    7.568654] scsi host2: ioc0: LSI53C1030 A0, FwRev=00000000h, Ports=1, MaxQ=256, IRQ=20
[    7.714437] scsi 2:0:0:0: Direct-Access     VBOX     HARDDISK         1.0  PQ: 0 ANSI: 5
[    7.744657] scsi target2:0:0: Beginning Domain Validation
[    7.779559] scsi target2:0:0: Domain Validation skipping write tests
[    7.791891] scsi target2:0:0: Ending Domain Validation
[    7.808496] scsi target2:0:0: asynchronous
[    7.842544] scsi 2:0:1:0: Direct-Access     VBOX     HARDDISK         1.0  PQ: 0 ANSI: 5
[    7.872237] scsi target2:0:1: Beginning Domain Validation
[    7.917250] scsi target2:0:1: Domain Validation skipping write tests
[    7.939665] scsi target2:0:1: Ending Domain Validation
[    7.961945] scsi target2:0:1: asynchronous
[    8.014270] sd 2:0:0:0: Attached scsi generic sg0 type 0
[    8.034528] sd 2:0:0:0: [sda] 83886080 512-byte logical blocks: (42.9 GB/40.0 GiB)
[    8.122951] sd 2:0:1:0: Attached scsi generic sg1 type 0
[    8.141610] sd 2:0:1:0: [sdb] 20480 512-byte logical blocks: (10.5 MB/10.0 MiB)
[    8.160916] sd 2:0:0:0: [sda] Write Protect is off
[    8.175046] sd 2:0:0:0: [sda] Incomplete mode parameter data
[    8.198535] sd 2:0:0:0: [sda] Assuming drive cache: write through
[    8.214650] sd 2:0:1:0: [sdb] Write Protect is off
[    8.231319] sd 2:0:1:0: [sdb] Incomplete mode parameter data
[    8.246232] sd 2:0:1:0: [sdb] Assuming drive cache: write through
[    8.270467]  sda: sda1
[    8.296764] sd 2:0:1:0: [sdb] Attached SCSI disk
[    8.317417] sd 2:0:0:0: [sda] Attached SCSI disk
[    9.192450] e1000 0000:00:08.0 eth1: (PCI:33MHz:32-bit) 08:00:27:b4:cb:5b
[    9.215495] e1000 0000:00:08.0 eth1: Intel(R) PRO/1000 Network Connection
[    9.242861] e1000 0000:00:03.0 enp0s3: renamed from eth0
[    9.269355] e1000 0000:00:08.0 enp0s8: renamed from eth1
Begin: Loading essential drivers ... [   11.898241] md: linear personality registered for level -1
[   11.928615] md: multipath personality registered for level -4
[   11.956906] md: raid0 personality registered for level 0
[   12.026238] md: raid1 personality registered for level 1
[   12.124951] raid6: sse2x1   gen()  5224 MB/s
[   12.204539] raid6: sse2x1   xor()  3349 MB/s
[   12.284096] raid6: sse2x2   gen()  7507 MB/s
[   12.361331] raid6: sse2x2   xor()  3556 MB/s
[   12.440385] raid6: sse2x4   gen()  7791 MB/s
[   12.520242] raid6: sse2x4   xor()  4326 MB/s
[   12.535181] raid6: using algorithm sse2x4 gen() 7791 MB/s
[   12.553234] raid6: .... xor() 4326 MB/s, rmw enabled
[   12.567725] raid6: using ssse3x2 recovery algorithm
[   12.592863] xor: measuring software checksum speed
[   12.644302]    prefetch64-sse:  7218.000 MB/sec
[   12.696587]    generic_sse:  6717.000 MB/sec
[   12.710579] xor: using function: prefetch64-sse (7218.000 MB/sec)
[   12.734983] async_tx: api initialized (async)
[   12.901770] md: raid6 personality registered for level 6
[   12.917075] md: raid5 personality registered for level 5
[   12.932488] md: raid4 personality registered for level 4
[   13.018775] md: raid10 personality registered for level 10
done.
Begin: Running /scripts/init-premount ... done.
Begin: Mounting root file system ... Begin: Running /scripts/local-top ... done.
Begin: Running /scripts/local-premount ... [   13.333916] Btrfs loaded
Scanning for Btrfs filesystems
done.
Warning: fsck not present, so skipping root file system
[   13.526568] EXT4-fs (sda1): mounted filesystem with ordered data mode. Opts: (null)
done.
Begin: Running /scripts/local-bottom ... done.
Begin: Running /scripts/init-bottom ... done.
[   14.062758] systemd[1]: systemd 229 running in system mode. (+PAM +AUDIT +SELINUX +IMA +APPARMOR +SMACK +SYSVINIT +UTMP +LIBCRYPTSETUP +GCRYPT +GNUTLS +ACL +XZ -LZ4 +SECCOMP +BLKID +ELFUTILS +KMOD -IDN)
[   14.108966] systemd[1]: Detected virtualization oracle.
[   14.123571] systemd[1]: Detected architecture x86-64.

Welcome to [1mUbuntu 16.04.7 LTS[0m!

[   14.174983] systemd[1]: Set hostname to <ubuntu>.
[   14.206090] systemd[1]: Initializing machine ID from random generator.
[   14.222852] systemd[1]: Installed transient /etc/machine-id file.
[   14.239727] random: nonblocking pool is initialized
[   14.792210] systemd[1]: Reached target Encrypted Volumes.
[[0;32m  OK  [0m] Reached target Encrypted Volumes.
[   14.831082] systemd[1]: Listening on LVM2 poll daemon socket.
[[0;32m  OK  [0m] Listening on LVM2 poll daemon socket.
[   14.870200] systemd[1]: Reached target User and Group Name Lookups.
[[0;32m  OK  [0m] Reached target User and Group Name Lookups.
[   14.909253] systemd[1]: Created slice User and Session Slice.
[[0;32m  OK  [0m] Created slice User and Session Slice.
[   14.943609] systemd[1]: Listening on Journal Socket (/dev/log).
[[0;32m  OK  [0m] Listening on Journal Socket (/dev/log).
[   14.982271] systemd[1]: Listening on udev Kernel Socket.
[[0;32m  OK  [0m] Listening on udev Kernel Socket.
[   15.015643] systemd[1]: Listening on Journal Audit Socket.
[[0;32m  OK  [0m] Listening on Journal Audit Socket.
[   15.049999] systemd[1]: Listening on LVM2 metadata daemon socket.
[[0;32m  OK  [0m] Listening on LVM2 metadata daemon socket.
[   15.089689] systemd[1]: Listening on Device-mapper event daemon FIFOs.
[[0;32m  OK  [0m] Listening on Device-mapper event daemon FIFOs.
[   15.129381] systemd[1]: Reached target System Time Synchronized.
[[0;32m  OK  [0m] Reached target System Time Synchronized.
[   15.164356] systemd[1]: Set up automount Arbitrary Executable File Formats File System Automount Point.
[[0;32m  OK  [0m] Set up automount Arbitrary Executab...ats File System Automount Point.
[   15.212040] systemd[1]: Listening on udev Control Socket.
[[0;32m  OK  [0m] Listening on udev Control Socket.
[   15.246951] systemd[1]: Listening on /dev/initctl Compatibility Named Pipe.
[[0;32m  OK  [0m] Listening on /dev/initctl Compatibility Named Pipe.
[   15.285903] systemd[1]: Started Trigger resolvconf update for networkd DNS.
[[0;32m  OK  [0m] Started Trigger resolvconf update for networkd DNS.
[   15.312954] systemd[1]: Created slice System Slice.
[[0;32m  OK  [0m] Created slice System Slice.
[   15.337912] systemd[1]: Created slice system-serial\x2dgetty.slice.
[[0;32m  OK  [0m] Created slice system-serial\x2dgetty.slice.
[   15.370825] systemd[1]: Started Forward Password Requests to Wall Directory Watch.
[[0;32m  OK  [0m] Started Forward Password Requests to Wall Directory Watch.
[   15.416160] systemd[1]: Listening on fsck to fsckd communication Socket.
[[0;32m  OK  [0m] Listening on fsck to fsckd communication Socket.
[   15.455557] systemd[1]: Reached target Swap.
[[0;32m  OK  [0m] Reached target Swap.
[   15.486608] systemd[1]: Listening on Syslog Socket.
[[0;32m  OK  [0m] Listening on Syslog Socket.
[   15.521892] systemd[1]: Listening on Journal Socket.
[[0;32m  OK  [0m] Listening on Journal Socket.
[   15.568949] systemd[1]: Starting Journal Service...
         Starting Journal Service...
[   15.614183] systemd[1]: Starting File System Check on Root Device...
         Starting File System Check on Root Device...
[   15.672979] systemd[1]: Starting Nameserver information manager...
         Starting Nameserver information manager...
[   15.710422] systemd[1]: Mounting Debug File System...
         Mounting Debug File System...
[   15.738522] systemd[1]: Starting Uncomplicated firewall...
         Starting Uncomplicated firewall...
[   15.769462] systemd[1]: Mounting POSIX Message Queue File System...
         Mounting POSIX Message Queue File System...
[   15.803112] systemd[1]: Starting Set console keymap...
         Starting Set console keymap...
[   15.830432] systemd[1]: Starting Monitoring of LVM2 mirrors, snapshots etc. using dmeventd or progress polling...
         Starting Monitoring of LVM2 mirrors... dmeventd or progress polling...
[   15.880405] systemd[1]: Mounting Huge Pages File System...
         Mounting Huge Pages File System...
[   15.958824] systemd[1]: Starting Load Kernel Modules...
         Starting Load Kernel Modules...
[   16.003569] systemd[1]: Starting Create list of required static device nodes for the current kernel...
[   16.041284] Loading iSCSI transport class v2.0-870.
         Starting Create list of required st... nodes for the current kernel...
[   16.070482] systemd[1]: Reached target Slices.
[[0;32m  OK  [0m] Reached target Slices.
[   16.110402] iscsi: registered transport (tcp)
[   16.135108] systemd[1]: Mounted Huge Pages File System.
[[0;32m  OK  [0m] Mounted Huge Pages File System.
[   16.179652] systemd[1]: Mounted POSIX Message Queue File System.
[[0;32m  OK  [0m] Mounted POSIX Message Queue File System.
[   16.229259] systemd[1]: Mounted Debug File System.
[[0;32m  OK  [0m] Mounted Debug File System.
[   16.272850] systemd[1]: Started Journal Service.
[[0;32m  OK  [0m] Started Journal Service.
[[0;32m  OK  [0m] Started File System Check on Root Device.
[[0;32m  OK  [0m] Started Uncomplicated firewall.
[[0;32m  OK  [0m] Started Set console keymap.
[[0;32m  OK  [0m] Started Create list of required sta...ce nodes for the current kernel.
[[0;32m  OK  [0m] Started Nameserver information manager.
[   16.455828] iscsi: registered transport (iser)
[[0;32m  OK  [0m] Started LVM2 metadata daemon.
[[0;32m  OK  [0m] Started File System Check Daemon to report status.
         Starting Create Static Device Nodes in /dev...
         Starting Remount Root and Kernel File Systems...
[   16.561779] EXT4-fs (sda1): re-mounted. Opts: (null)
[[0;32m  OK  [0m] Started Load Kernel Modules.
[[0;32m  OK  [0m] Started Remount Root and Kernel File Systems.
[[0;32m  OK  [0m] Started Create Static Device Nodes in /dev.
         Starting udev Kernel Device Manager...
         Starting Load/Save Random Seed...
         Starting udev Coldplug all Devices...
         Starting Flush Journal to Persistent Storage...
         Mounting FUSE Control File System...
         Starting Apply Kernel Variables...
[[0;32m  OK  [0m] Mounted FUSE Control File System.
[[0;32m  OK  [0m] Started Monitoring of LVM2 mirrors,...ng dmeventd or progress polling.
[[0;32m  OK  [0m] Started Load/Save Random Seed.
[[0;32m  OK  [0m] Started Apply Kernel Variables.
[[0;32m  OK  [0m] Reached target Local File Systems (Pre).
[[0;32m  OK  [0m] Reached target Local File Systems.
         Starting LSB: AppArmor initialization...
         Starting Set console font and keymap...
         Starting Initial cloud-init job (pre-networking)...
         Starting Tell Plymouth To Write Out Runtime Data...
         Starting Commit a transient machine-id on disk...
[[0;32m  OK  [0m] Started udev Kernel Device Manager.
[[0;32m  OK  [0m] Started Tell Plymouth To Write Out Runtime Data.
[[0;32m  OK  [0m] Started Commit a transient machine-id on disk.
[[0;32m  OK  [0m] Started Flush Journal to Persistent Storage.
         Starting Create Volatile Files and Directories...
[[0;32m  OK  [0m] Started Create Volatile Files and Directories.
         Starting Update UTMP about System Boot/Shutdown...
[[0;32m  OK  [0m] Started Update UTMP about System Boot/Shutdown.
[[0;32m  OK  [0m] Started udev Coldplug all Devices.
[[0;32m  OK  [0m] Started Dispatch Password Requests to Console Directory Watch.
[[0;32m  OK  [0m] Found device /dev/ttyS0.
[[0;32m  OK  [0m] Listening on Load/Save RF Kill Switch Status /dev/rfkill Watch.
[[0;32m  OK  [0m] Started LSB: AppArmor initialization.
[   22.322803] cloud-init[489]: Cloud-init v. 21.1-19-gbad84ad4-0ubuntu1~16.04.2 running 'init-local' at Sat, 16 Sep 2023 17:33:20 +0000. Up 21.27 seconds.
         Starting Load AppArmor profiles managed internally by snapd...
[[0;32m  OK  [0m] Started Initial cloud-init job (pre-networking).
[[0;32m  OK  [0m] Started Load AppArmor profiles managed internally by snapd.
[[0;32m  OK  [0m] Reached target Network (Pre).
         Starting Raise network interfaces...
[[0;32m  OK  [0m] Started Set console font and keymap.
[[0;32m  OK  [0m] Created slice system-getty.slice.
[[0;32m  OK  [0m] Started Raise network interfaces.
[[0;32m  OK  [0m] Reached target Network.
         Starting Initial cloud-init job (metadata service crawler)...
[   27.146274] cloud-init[969]: Cloud-init v. 21.1-19-gbad84ad4-0ubuntu1~16.04.2 running 'init' at Sat, 16 Sep 2023 17:33:25 +0000. Up 25.66 seconds.
[   27.161881] cloud-init[969]: ci-info: ++++++++++++++++++++++++++++++++++++++Net device info+++++++++++++++++++++++++++++++++++++++
[   27.178330] cloud-init[969]: ci-info: +--------+-------+----------------------------+---------------+--------+-------------------+
[   27.197019] cloud-init[969]: ci-info: | Device |   Up  |          Address           |      Mask     | Scope  |     Hw-Address    |
[   27.218235] cloud-init[969]: ci-info: +--------+-------+----------------------------+---------------+--------+-------------------+
[   27.233366] cloud-init[969]: ci-info: | enp0s3 |  True |         10.0.2.15          | 255.255.255.0 | global | 02:be:82:6b:cc:1d |
[   27.248213] cloud-init[969]: ci-info: | enp0s3 |  True | fe80::be:82ff:fe6b:cc1d/64 |       .       |  link  | 02:be:82:6b:cc:1d |
[   27.265986] cloud-init[969]: ci-info: | enp0s8 | False |             .              |       .       |   .    | 08:00:27:b4:cb:5b |
[   27.281494] cloud-init[969]: ci-info: |   lo   |  True |         127.0.0.1          |   255.0.0.0   |  host  |         .         |
[   27.299508] cloud-init[969]: ci-info: |   lo   |  True |          ::1/128           |       .       |  host  |         .         |
[   27.318809] cloud-init[969]: ci-info: +--------+-------+----------------------------+---------------+--------+-------------------+
[   27.335835] cloud-init[969]: ci-info: +++++++++++++++++++++++++++Route IPv4 info++++++++++++++++++++++++++++
[   27.351101] cloud-init[969]: ci-info: +-------+-------------+----------+---------------+-----------+-------+
[   27.369961] cloud-init[969]: ci-info: | Route | Destination | Gateway  |    Genmask    | Interface | Flags |
[   27.382827] cloud-init[969]: ci-info: +-------+-------------+----------+---------------+-----------+-------+
[[0;32m  OK  [0m] Started Initial cloud-init job (metadata service crawler).
[[0;32m  OK  [0m] Reached target Network is Online.
[   27.400656] cloud-init[969]: ci-info: |   0   |   0.0.0.0   | 10.0.2.2 |    0.0.0.0    |   enp0s3  |   UG  |
[   27.427159] cloud-init[969]: ci-info: |   1   |   10.0.2.0  | 0.0.0.0  | 255.255.255.0 |   enp0s3  |   U   |
         Starting iSCSI initiator daemon (iscsid)...
[[0;32m  OK  [0m] Reached target System Initialization.
[[0;32m  OK  [0m] Started Ubuntu Advantage update messaging.
[[0;32m  OK  [0m] Started Message of the Day.
[[0;32m  OK  [0m] Started Daily Cleanup of Temporary Directories.
[[0;32m  OK  [0m] Listening on D-Bus System Message Bus Socket.
[   27.450343] cloud-init[969]: ci-info: +-------+-------------+----------+---------------+-----------+-------+
[   27.478658] cloud-init[969]: ci-info: +++++++++++++++++++Route IPv6 info+++++++++++++++++++
[   27.479962] cloud-init[969]: ci-info: +-------+-------------+---------+-----------+-------+
[   27.482148] cloud-init[969]: ci-info: | Route | Destination | Gateway | Interface | Flags |
[[0;32m  OK  [0m] Listening on ACPID Listen Socket.
[[0;32m  OK  [0m] Listening on UUID daemon activation socket.
[[0;32m  OK  [0m] Started Daily apt download activities.
[   27.483160] cloud-init[969]: ci-info: +-------+-------------+---------+-----------+-------+
         Starting LXD - unix socket.
         Starting Socket activation for snappy daemon.
[   27.562744] cloud-init[969]: ci-info: |   0   |  fe80::/64  |    ::   |   enp0s3  |   U   |
[[0;32m  OK  [0m] Started ACPI Events Check.
[[0;32m  OK  [0m[   27.591285] cloud-init[969]: ci-info: |   3   |   ff00::/8  |    ::   |   enp0s3  |   U   |
[   27.621165] cloud-init[969]: ci-info: +-------+-------------+---------+-----------+-------+
[   27.622510] cloud-init[969]: Generating public/private rsa key pair.
[   27.623798] cloud-init[969]: Your identification has been saved in /etc/ssh/ssh_host_rsa_key.
[   27.626664] cloud-init[969]: Your public key has been saved in /etc/ssh/ssh_host_rsa_key.pub.
[   27.630468] cloud-init[969]: The key fingerprint is:
[   27.631549] cloud-init[969]: SHA256:Yu6FEzNzEnGxo1gTEpnjXpT5krYhSebWpXbK6sanIf4 root@ubuntu-xenial
[   27.633736] cloud-init[969]: The key's randomart image is:
[   27.634922] cloud-init[969]: +---[RSA 2048]----+
[   27.636008] cloud-init[969]: |    o+ooo.       |
[   27.638357] cloud-init[969]: |    *.++..       |
[   27.639456] cloud-init[969]: |   = =+=o        |
[   27.641348] cloud-init[969]: |    *oX+o.       |
[   27.642339] cloud-init[969]: |   o.*X*S        |
[   27.643557] cloud-init[969]: |    .o+X         |
[   27.645903] cloud-init[969]: |  ....+ .        |
[   27.647113] cloud-init[969]: | . .+o.o         |
[   27.650244] cloud-init[969]: |  .+Eo.          |
[   27.651629] cloud-init[969]: +----[SHA256]-----+
[   27.654135] cloud-init[969]: Generating public/private dsa key pair.
[   27.655384] cloud-init[969]: Your identification has been saved in /etc/ssh/ssh_host_dsa_key.
[   27.658085] cloud-init[969]: Your public key has been saved in /etc/ssh/ssh_host_dsa_key.pub.
[   27.659424] cloud-init[969]: The key fingerprint is:
[   27.662002] cloud-init[969]: SHA256:fu15boKIcabqNZqi3kWhfj7ArdpjgadipH/P+ZxqwZg root@ubuntu-xenial
[   27.663326] cloud-init[969]: The key's randomart image is:
[   27.666024] cloud-init[969]: +---[DSA 1024]----+
[   27.667361] cloud-init[969]: |                 |
[   27.670000] cloud-init[969]: |                 |
[   27.671198] cloud-init[969]: |     .           |
[   27.674261] cloud-init[969]: |    . .          |
[   27.675447] cloud-init[969]: |  o..=  S        |
[   27.677902] cloud-init[969]: | o.=E.+.o  .     |
[   27.679090] cloud-init[969]: |o o.+ooB.....    |
[   27.679930] cloud-init[969]: |oo++=*++.o....o  |
[   27.681678] cloud-init[969]: |==+**=*o+   o=.  |
[   27.682513] cloud-init[969]: +----[SHA256]-----+
[   27.683569] cloud-init[969]: Generating public/private ecdsa key pair.
[   27.686193] cloud-init[969]: Your identification has been saved in /etc/ssh/ssh_host_ecdsa_key.
[   27.687522] cloud-init[969]: Your public key has been saved in /etc/ssh/ssh_host_ecdsa_key.pub.
[   27.690190] cloud-init[969]: The key fingerprint is:
[   27.691164] cloud-init[969]: SHA256:gqiaKOWuIUwhcaM8xDMpgM3LFmusBAwkFjRKoTwqZic root@ubuntu-xenial
[   27.693625] cloud-init[969]: The key's randomart image is:
[   27.697607] cloud-init[969]: +---[ECDSA 256]---+
[   27.698846] cloud-init[969]: |&%*              |
[   27.700166] cloud-init[969]: |&X=.             |
[   27.701182] cloud-init[969]: |BOo+             |
[   27.702023] cloud-init[969]: |o.@. .           |
[   27.703200] cloud-init[969]: |+E... . S        |
[   27.705619] cloud-init[969]: |B.+    .         |
[   27.706470] cloud-init[969]: |++               |
[   27.707679] cloud-init[969]: |=o.              |
[   27.711559] cloud-init[969]: |*o.              |
[   27.713837] cloud-init[969]: +----[SHA256]-----+
[   27.716657] cloud-init[969]: Generating public/private ed25519 key pair.
[   27.719007] cloud-init[969]: Your identification has been saved in /etc/ssh/ssh_host_ed25519_key.
[   27.722637] cloud-init[969]: Your public key has been saved in /etc/ssh/ssh_host_ed25519_key.pub.
[   27.725377] cloud-init[969]: The key fingerprint is:
[   27.726240] cloud-init[969]: SHA256:6PzkhXkDCY1fVjTx85SsHNNTrLKByRwRy1BKOUcSutQ root@ubuntu-xenial
[   27.727134] cloud-init[969]: The key's randomart image is:
[   27.730328] cloud-init[969]: +--[ED25519 256]--+
[   27.731773] cloud-init[969]: |        ===+=. ..|
[   27.733627] cloud-init[969]: |       *o=oo oo +|
[   27.738534] cloud-init[969]: |      = E==+ oo*.|
[   27.739359] cloud-init[969]: |     . = += + =+.|
[   27.741908] cloud-init[969]: |      o S    *  .|
[   27.745722] cloud-init[969]: |     o   +  .    |
[   27.746979] cloud-init[969]: |      o + +      |
[   27.748509] cloud-init[969]: |       + o .     |
[   27.749316] cloud-init[969]: |        o        |
[   27.750360] cloud-init[969]: +----[SHA256]-----+
] Reached target Paths.
[[0;32m  OK  [0m] Started Daily apt upgrade and clean activities.
[[0;32m  OK  [0m] Reached target Timers.
[[0;32m  OK  [0m] Reached target Cloud-config availability.
[[0;32m  OK  [0m] Listening on LXD - unix socket.
[[0;32m  OK  [0m] Listening on Socket activation for snappy daemon.
[[0;32m  OK  [0m] Reached target Sockets.
[[0;32m  OK  [0m] Reached target Basic System.
         Starting Pollinate to seed the pseudo random number generator...
[[0;32m  OK  [0m] Started FUSE filesystem for LXC.
[[0;32m  OK  [0m] Started Deferred execution scheduler.
[[0;32m  OK  [0m] Started D-Bus System Message Bus.
[[0;32m  OK  [0m] Started Regular background program processing daemon.
         Starting LSB: MD monitoring daemon...
         Starting LSB: Record successful boot for GRUB...
         Starting Accounts Service...
         Starting System Logging Service...
         Starting Snap Daemon...
[[0;32m  OK  [0m] Started ACPI event daemon.
         Starting Virtualbox guest utils...
         Starting /etc/rc.local Compatibility...
         Starting LXD - container startup/shutdown...
         Starting Login Service...
[[0;32m  OK  [0m] Started iSCSI initiator daemon (iscsid).
         Starting Login to default iSCSI targets...
[[0;32m  OK  [0m] Started System Logging Service.
[[0;32m  OK  [0m] Started /etc/rc.local Compatibility.
[[0;32m  OK  [0m] Started Login Service.
[[0;32m  OK  [0m] Started Unattended Upgrades Shutdown.
[[0;32m  OK  [0m] Started LSB: Record successful boot for GRUB.
[[0;32m  OK  [0m] Started Login to default iSCSI targets.
[[0;32m  OK  [0m] Reached target Remote File Systems (Pre).
[[0;32m  OK  [0m] Reached target Remote File Systems.
         Starting Permit User Sessions...
         Starting LSB: Set the CPU Frequency Scaling governor to "ondemand"...
         Starting LSB: daemon to balance interrupts for SMP systems...
         Starting LSB: automatic crash report generation...
[[0;32m  OK  [0m] Started LSB: MD monitoring daemon.
[[0;32m  OK  [0m] Started Permit User Sessions.
         Starting Hold until boot process finishes up...
         Starting Terminate Plymouth Boot Screen...
[[0;32m  OK  [0m] Started Hold until boot process finishes up.
[[0;32m  OK  [0m] Started Terminate Plymouth Boot Screen.
         Starting Authenticate and Authorize Users to Run Privileged Tasks...
[[0;32m  OK  [0m] Started Serial Getty on ttyS0.
[[0;32m  OK  [0m] Started Getty on tty1.
[[0;32m  OK  [0m] Reached target Login Prompts.
         Starting Set console scheme...
[[0;32m  OK  [0m] Started LSB: daemon to balance interrupts for SMP systems.
[[0;32m  OK  [0m] Started Set console scheme.
[[0;32m  OK  [0m] Started LSB: Set the CPU Frequency Scaling governor to "ondemand".
[[0;32m  OK  [0m] Started Authenticate and Authorize Users to Run Privileged Tasks.
[[0;32m  OK  [0m] Started Accounts Service.
[[0;32m  OK  [0m] Started LSB: automatic crash report generation.
[[0;32m  OK  [0m] Started LXD - container startup/shutdown.
[[0;32m  OK  [0m] Started Virtualbox guest utils.
[[0;32m  OK  [0m] Started Pollinate to seed the pseudo random number generator.
         Starting OpenBSD Secure Shell server...
[[0;32m  OK  [0m] Started OpenBSD Secure Shell server.
[[0;32m  OK  [0m] Created slice User Slice of vagrant.
         Starting User Manager for UID 1000...
[[0;32m  OK  [0m] Started Session 1 of user vagrant.
[[0;32m  OK  [0m] Started User Manager for UID 1000.
[[0;32m  OK  [0m] Started Snap Daemon.
         Starting Wait until snapd is fully seeded...
[[0;32m  OK  [0m] Started Wait until snapd is fully seeded.
         Starting Apply the settings specified in cloud-config...
[[0;32m  OK  [0m] Reached target Multi-User System.
[[0;32m  OK  [0m] Reached target Graphical Interface.
         Starting Update UTMP about System Runlevel Changes...
[[0;32m  OK  [0m] Started Update UTMP about System Runlevel Changes.
[   35.172082] cloud-init[1438]: Generating locales (this might take a while)...

Ubuntu 16.04.7 LTS ubuntu-xenial ttyS0

ubuntu-xenial login: [   37.157125] cloud-init[1438]:   en_US.UTF-8... done
[   37.157570] cloud-init[1438]: Generation complete.
[   37.851167] cloud-init[1438]: Cloud-init v. 21.1-19-gbad84ad4-0ubuntu1~16.04.2 running 'modules:config' at Sat, 16 Sep 2023 17:33:34 +0000. Up 34.77 seconds.
ci-info: no authorized SSH keys fingerprints found for user ubuntu.
<14>Sep 16 17:33:38 ec2: 
<14>Sep 16 17:33:38 ec2: #############################################################
<14>Sep 16 17:33:38 ec2: -----BEGIN SSH HOST KEY FINGERPRINTS-----
<14>Sep 16 17:33:38 ec2: 1024 SHA256:fu15boKIcabqNZqi3kWhfj7ArdpjgadipH/P+ZxqwZg root@ubuntu-xenial (DSA)
<14>Sep 16 17:33:38 ec2: 256 SHA256:gqiaKOWuIUwhcaM8xDMpgM3LFmusBAwkFjRKoTwqZic root@ubuntu-xenial (ECDSA)
<14>Sep 16 17:33:38 ec2: 256 SHA256:6PzkhXkDCY1fVjTx85SsHNNTrLKByRwRy1BKOUcSutQ root@ubuntu-xenial (ED25519)
<14>Sep 16 17:33:38 ec2: 2048 SHA256:Yu6FEzNzEnGxo1gTEpnjXpT5krYhSebWpXbK6sanIf4 root@ubuntu-xenial (RSA)
<14>Sep 16 17:33:38 ec2: -----END SSH HOST KEY FINGERPRINTS-----
<14>Sep 16 17:33:38 ec2: #############################################################
-----BEGIN SSH HOST KEY KEYS-----
ecdsa-sha2-nistp256 AAAAE2VjZHNhLXNoYTItbmlzdHAyNTYAAAAIbmlzdHAyNTYAAABBBNKqdBZ/5jNmDFaAI3mg9ymfMJtYbRgeIcGR2FXLlUmuhmsjtESy1FHMJnMeUqp6aPLKJB+jdurz74ZUVBZYBxY= root@ubuntu-xenial
ssh-ed25519 AAAAC3NzaC1lZDI1NTE5AAAAIMVsHMlfjq9x9WrVXRp1BFmvMvsc/Eth90OnItAqXGM1 root@ubuntu-xenial
ssh-rsa AAAAB3NzaC1yc2EAAAADAQABAAABAQDLFijfAKckt2mitdZVQKao5nRXKUx/BulbQ2lkTvFEukvU/pp0yoQ6EfzuWVjbaQBnkDd/yza/rhRnJ/opNDup30jsgAv2uLRQn8mmEBkBkz2DN0mopKJ/UWFv+Jo1mXZLKaxnw/ERY7G2UHoOM4NbnnC+N1xOji+rh6VzEpYabBwWqrh+YSxj13s1/1r0qr1k36GoiwCu2TFoyq86H0aiQsLAHelmWchsekKp8KEZwcXZP8mWb6Yp/R/7cENuHRb7IB94LMUIpgff0veSPdXzA4h4a9yNt+SW2aAnMisiy8eUwlfiH2vXFvdff7jPEu7/68cLELNJ09oNJ8H5Pl4x root@ubuntu-xenial
-----END SSH HOST KEY KEYS-----
[   39.038881] cloud-init[1598]: Cloud-init v. 21.1-19-gbad84ad4-0ubuntu1~16.04.2 running 'modules:final' at Sat, 16 Sep 2023 17:33:38 +0000. Up 38.49 seconds.
[   39.039272] cloud-init[1598]: ci-info: no authorized SSH keys fingerprints found for user ubuntu.
[   39.042083] cloud-init[1598]: Cloud-init v. 21.1-19-gbad84ad4-0ubuntu1~16.04.2 finished at Sat, 16 Sep 2023 17:33:38 +0000. Datasource DataSourceNoCloud [seed=/dev/sdb][dsmode=net].  Up 38.98 seconds
